<?xml version="1.0" encoding="utf-8"?><testsuites><testsuite name="pytest" errors="0" failures="0" skipped="0" tests="13" time="10.253" timestamp="2026-04-06T01:46:19.138354" hostname="devbox"><testcase classname="tests.integration.test_rag_integration" name="test_rag_pipeline_end_to_end" time="0.164" /><testcase classname="tests.integration.test_rag_integration" name="test_vector_db_operations" time="0.020" /><testcase classname="tests.integration.test_rag_integration" name="test_hybrid_retrieval" time="0.019" /><testcase classname="tests.integration.test_rag_integration" name="test_context_compression" time="0.002" /><testcase classname="tests.integration.test_rag_integration" name="test_batch_query" time="0.534" /><testcase classname="tests.integration.test_rag_integration" name="test_retrieval_with_filters" time="0.025" /><testcase classname="tests.integration.test_rag_integration" name="test_confidence_calculation" time="0.003" /><testcase classname="tests.unit.test_rag_pipeline" name="test_rag_pipeline_initialization" time="0.006" /><testcase classname="tests.unit.test_rag_pipeline" name="test_rag_pipeline_query" time="0.013" /><testcase classname="tests.unit.test_rag_pipeline" name="test_rag_pipeline_no_results" time="0.009" /><testcase classname="tests.unit.test_rag_pipeline" name="test_rag_pipeline_batch_query" time="0.008" /><testcase classname="tests.unit.test_rag_pipeline" name="test_confidence_calculation" time="0.006" /><testcase classname="tests.unit.test_rag_pipeline" name="test_prompt_building" time="0.007" /></testsuite></testsuites>